Error: Test file "/opt/test-runner/tests/data/missing_test/test-missing_test.bats" does not exist
